2025-12-22T14:05:25.722+07:00  INFO 3605 --- [restartedMain] c.q.laptopshop.LaptopshopApplication     : Starting LaptopshopApplication using Java 17.0.12 with PID 3605 (/Users/quangminh/Code Workspace/laptop_shop/target/classes started by quangminh in /Users/quangminh/Code Workspace/laptop_shop)
2025-12-22T14:05:25.725+07:00  INFO 3605 --- [restartedMain] c.q.laptopshop.LaptopshopApplication     : No active profile set, falling back to 1 default profile: "default"
2025-12-22T14:05:25.750+07:00  INFO 3605 --- [restartedMain] .e.DevToolsPropertyDefaultsPostProcessor : Devtools property defaults active! Set 'spring.devtools.add-properties' to 'false' to disable
2025-12-22T14:05:25.750+07:00  INFO 3605 --- [restartedMain] .e.DevToolsPropertyDefaultsPostProcessor : For additional web related logging consider setting the 'logging.level.web' property to 'DEBUG'
2025-12-22T14:05:26.048+07:00  INFO 3605 --- [restartedMain] o.s.b.f.s.DefaultListableBeanFactory     : Overriding bean definition for bean 'localeResolver' with a different definition: replacing [Root bean: class=null; scope=; abstract=false; lazyInit=null; autowireMode=3; dependencyCheck=0; autowireCandidate=true; primary=false; fallback=false; factoryBeanName=org.springframework.web.servlet.config.annotation.DelegatingWebMvcConfiguration; factoryMethodName=localeResolver; initMethodNames=null; destroyMethodNames=[(inferred)]; defined in class path resource [org/springframework/web/servlet/config/annotation/DelegatingWebMvcConfiguration.class]] with [Root bean: class=null; scope=; abstract=false; lazyInit=null; autowireMode=3; dependencyCheck=0; autowireCandidate=true; primary=false; fallback=false; factoryBeanName=webMvcConfig; factoryMethodName=localeResolver; initMethodNames=null; destroyMethodNames=[(inferred)]; defined in class path resource [com/quangminh/laptopshop/config/WebMvcConfig.class]]
2025-12-22T14:05:26.140+07:00  INFO 3605 --- [restartedMain] .s.d.r.c.RepositoryConfigurationDelegate : Bootstrapping Spring Data JPA repositories in DEFAULT mode.
2025-12-22T14:05:26.176+07:00  INFO 3605 --- [restartedMain] .s.d.r.c.RepositoryConfigurationDelegate : Finished Spring Data repository scanning in 30 ms. Found 7 JPA repository interfaces.
2025-12-22T14:05:26.587+07:00  INFO 3605 --- [restartedMain] o.s.b.w.embedded.tomcat.TomcatWebServer  : Tomcat initialized with port 8080 (http)
2025-12-22T14:05:26.594+07:00  INFO 3605 --- [restartedMain] o.apache.catalina.core.StandardService   : Starting service [Tomcat]
2025-12-22T14:05:26.594+07:00  INFO 3605 --- [restartedMain] o.apache.catalina.core.StandardEngine    : Starting Servlet engine: [Apache Tomcat/10.1.39]
2025-12-22T14:05:26.718+07:00  INFO 3605 --- [restartedMain] org.apache.jasper.servlet.TldScanner     : At least one JAR was scanned for TLDs yet contained no TLDs. Enable debug logging for this logger for a complete list of JARs that were scanned but no TLDs were found in them. Skipping unneeded JARs during scanning can improve startup time and JSP compilation time.
2025-12-22T14:05:26.721+07:00  INFO 3605 --- [restartedMain] o.a.c.c.C.[Tomcat].[localhost].[/]       : Initializing Spring embedded WebApplicationContext
2025-12-22T14:05:26.721+07:00  INFO 3605 --- [restartedMain] w.s.c.ServletWebServerApplicationContext : Root WebApplicationContext: initialization completed in 971 ms
2025-12-22T14:05:26.788+07:00  INFO 3605 --- [restartedMain] com.zaxxer.hikari.HikariDataSource       : HikariPool-1 - Starting...
2025-12-22T14:05:26.990+07:00  INFO 3605 --- [restartedMain] com.zaxxer.hikari.pool.HikariPool        : HikariPool-1 - Added connection com.mysql.cj.jdbc.ConnectionImpl@2c0fbd4a
2025-12-22T14:05:26.991+07:00  INFO 3605 --- [restartedMain] com.zaxxer.hikari.HikariDataSource       : HikariPool-1 - Start completed.
2025-12-22T14:05:27.065+07:00  INFO 3605 --- [restartedMain] o.hibernate.jpa.internal.util.LogHelper  : HHH000204: Processing PersistenceUnitInfo [name: default]
2025-12-22T14:05:27.096+07:00  INFO 3605 --- [restartedMain] org.hibernate.Version                    : HHH000412: Hibernate ORM core version 6.6.11.Final
2025-12-22T14:05:27.114+07:00  INFO 3605 --- [restartedMain] o.h.c.internal.RegionFactoryInitiator    : HHH000026: Second-level cache disabled
2025-12-22T14:05:27.276+07:00  INFO 3605 --- [restartedMain] o.s.o.j.p.SpringPersistenceUnitInfo      : No LoadTimeWeaver setup: ignoring JPA class transformer
2025-12-22T14:05:27.338+07:00  INFO 3605 --- [restartedMain] org.hibernate.orm.connections.pooling    : HHH10001005: Database info:
	Database JDBC URL [Connecting through datasource 'HikariDataSource (HikariPool-1)']
	Database driver: undefined/unknown
	Database version: 8.4.4
	Autocommit mode: undefined/unknown
	Isolation level: undefined/unknown
	Minimum pool size: undefined/unknown
	Maximum pool size: undefined/unknown
2025-12-22T14:05:27.827+07:00  INFO 3605 --- [restartedMain] o.h.e.t.j.p.i.JtaPlatformInitiator       : HHH000489: No JTA platform available (set 'hibernate.transaction.jta.platform' to enable JTA platform integration)
2025-12-22T14:05:27.921+07:00  INFO 3605 --- [restartedMain] j.LocalContainerEntityManagerFactoryBean : Initialized JPA EntityManagerFactory for persistence unit 'default'
2025-12-22T14:05:28.168+07:00  WARN 3605 --- [restartedMain] JpaBaseConfiguration$JpaWebConfiguration : spring.jpa.open-in-view is enabled by default. Therefore, database queries may be performed during view rendering. Explicitly configure spring.jpa.open-in-view to disable this warning
2025-12-22T14:05:28.186+07:00  INFO 3605 --- [restartedMain] eAuthenticationProviderManagerConfigurer : Global AuthenticationManager configured with AuthenticationProvider bean with name authProvider
2025-12-22T14:05:28.186+07:00  WARN 3605 --- [restartedMain] r$InitializeUserDetailsManagerConfigurer : Global AuthenticationManager configured with an AuthenticationProvider bean. UserDetailsService beans will not be used by Spring Security for automatically configuring username/password login. Consider removing the AuthenticationProvider bean. Alternatively, consider using the UserDetailsService in a manually instantiated DaoAuthenticationProvider. If the current configuration is intentional, to turn off this warning, increase the logging level of 'org.springframework.security.config.annotation.authentication.configuration.InitializeUserDetailsBeanManagerConfigurer' to ERROR
2025-12-22T14:05:28.212+07:00  WARN 3605 --- [restartedMain] thorizationManagerRequestMatcherRegistry : One of the patterns in [/, /login, register, /product/**, /client/**, /css/**, /js/**, /images/**] is missing a leading slash. This is discouraged; please include the leading slash in all your request matcher patterns. In future versions of Spring Security, leaving out the leading slash will result in an exception.
2025-12-22T14:05:28.575+07:00  INFO 3605 --- [restartedMain] o.s.b.d.a.OptionalLiveReloadServer       : LiveReload server is running on port 35729
2025-12-22T14:05:28.605+07:00  INFO 3605 --- [restartedMain] o.s.b.w.embedded.tomcat.TomcatWebServer  : Tomcat started on port 8080 (http) with context path '/'
2025-12-22T14:05:28.611+07:00  INFO 3605 --- [restartedMain] c.q.laptopshop.LaptopshopApplication     : Started LaptopshopApplication in 3.161 seconds (process running for 3.473)
2025-12-22T14:05:33.202+07:00  INFO 3605 --- [http-nio-8080-exec-1] o.a.c.c.C.[Tomcat].[localhost].[/]       : Initializing Spring DispatcherServlet 'dispatcherServlet'
2025-12-22T14:05:33.202+07:00  INFO 3605 --- [http-nio-8080-exec-1] o.s.web.servlet.DispatcherServlet        : Initializing Servlet 'dispatcherServlet'
2025-12-22T14:05:33.203+07:00  INFO 3605 --- [http-nio-8080-exec-1] o.s.web.servlet.DispatcherServlet        : Completed initialization in 1 ms
2025-12-22T14:05:33.298+07:00 DEBUG 3605 --- [http-nio-8080-exec-1] org.hibernate.SQL                        : 
    select
        p1_0.id,
        p1_0.brand,
        p1_0.detail_desc,
        p1_0.image,
        p1_0.name,
        p1_0.price,
        p1_0.purpose,
        p1_0.quantity,
        p1_0.short_desc,
        p1_0.sold 
    from
        products p1_0
2025-12-22T14:05:34.263+07:00  WARN 3605 --- [http-nio-8080-exec-10] o.s.web.servlet.PageNotFound             : No mapping for GET /favicon.ico
2025-12-22T14:05:34.266+07:00  WARN 3605 --- [http-nio-8080-exec-10] o.s.web.servlet.PageNotFound             : No endpoint GET /favicon.ico.
2025-12-22T14:05:35.448+07:00 DEBUG 3605 --- [http-nio-8080-exec-2] org.hibernate.SQL                        : 
    select
        count(*) 
    from
        users u1_0
2025-12-22T14:05:35.452+07:00 DEBUG 3605 --- [http-nio-8080-exec-2] org.hibernate.SQL                        : 
    select
        count(*) 
    from
        products p1_0
2025-12-22T14:05:35.457+07:00 DEBUG 3605 --- [http-nio-8080-exec-2] org.hibernate.SQL                        : 
    select
        count(*) 
    from
        orders o1_0
2025-12-22T14:06:04.726+07:00  INFO 3605 --- [SpringApplicationShutdownHook] o.s.b.w.e.tomcat.GracefulShutdown        : Commencing graceful shutdown. Waiting for active requests to complete
2025-12-22T14:06:04.732+07:00  INFO 3605 --- [tomcat-shutdown] o.s.b.w.e.tomcat.GracefulShutdown        : Graceful shutdown complete
2025-12-22T14:06:04.739+07:00  INFO 3605 --- [SpringApplicationShutdownHook] j.LocalContainerEntityManagerFactoryBean : Closing JPA EntityManagerFactory for persistence unit 'default'
2025-12-22T14:06:04.741+07:00  INFO 3605 --- [SpringApplicationShutdownHook] com.zaxxer.hikari.HikariDataSource       : HikariPool-1 - Shutdown initiated...
2025-12-22T14:06:04.744+07:00  INFO 3605 --- [SpringApplicationShutdownHook] com.zaxxer.hikari.HikariDataSource       : HikariPool-1 - Shutdown completed.
2025-12-22T14:06:05.889+07:00  INFO 3619 --- [restartedMain] c.q.laptopshop.LaptopshopApplication     : Starting LaptopshopApplication using Java 17.0.12 with PID 3619 (/Users/quangminh/Code Workspace/laptop_shop/target/classes started by quangminh in /Users/quangminh/Code Workspace/laptop_shop)
2025-12-22T14:06:05.890+07:00  INFO 3619 --- [restartedMain] c.q.laptopshop.LaptopshopApplication     : No active profile set, falling back to 1 default profile: "default"
2025-12-22T14:06:05.913+07:00  INFO 3619 --- [restartedMain] .e.DevToolsPropertyDefaultsPostProcessor : Devtools property defaults active! Set 'spring.devtools.add-properties' to 'false' to disable
2025-12-22T14:06:05.913+07:00  INFO 3619 --- [restartedMain] .e.DevToolsPropertyDefaultsPostProcessor : For additional web related logging consider setting the 'logging.level.web' property to 'DEBUG'
2025-12-22T14:06:06.183+07:00  INFO 3619 --- [restartedMain] o.s.b.f.s.DefaultListableBeanFactory     : Overriding bean definition for bean 'localeResolver' with a different definition: replacing [Root bean: class=null; scope=; abstract=false; lazyInit=null; autowireMode=3; dependencyCheck=0; autowireCandidate=true; primary=false; fallback=false; factoryBeanName=org.springframework.web.servlet.config.annotation.DelegatingWebMvcConfiguration; factoryMethodName=localeResolver; initMethodNames=null; destroyMethodNames=[(inferred)]; defined in class path resource [org/springframework/web/servlet/config/annotation/DelegatingWebMvcConfiguration.class]] with [Root bean: class=null; scope=; abstract=false; lazyInit=null; autowireMode=3; dependencyCheck=0; autowireCandidate=true; primary=false; fallback=false; factoryBeanName=webMvcConfig; factoryMethodName=localeResolver; initMethodNames=null; destroyMethodNames=[(inferred)]; defined in class path resource [com/quangminh/laptopshop/config/WebMvcConfig.class]]
2025-12-22T14:06:06.269+07:00  INFO 3619 --- [restartedMain] .s.d.r.c.RepositoryConfigurationDelegate : Bootstrapping Spring Data JPA repositories in DEFAULT mode.
2025-12-22T14:06:06.303+07:00  INFO 3619 --- [restartedMain] .s.d.r.c.RepositoryConfigurationDelegate : Finished Spring Data repository scanning in 29 ms. Found 7 JPA repository interfaces.
2025-12-22T14:06:06.691+07:00  INFO 3619 --- [restartedMain] o.s.b.w.embedded.tomcat.TomcatWebServer  : Tomcat initialized with port 8080 (http)
2025-12-22T14:06:06.698+07:00  INFO 3619 --- [restartedMain] o.apache.catalina.core.StandardService   : Starting service [Tomcat]
2025-12-22T14:06:06.699+07:00  INFO 3619 --- [restartedMain] o.apache.catalina.core.StandardEngine    : Starting Servlet engine: [Apache Tomcat/10.1.39]
2025-12-22T14:06:06.812+07:00  INFO 3619 --- [restartedMain] org.apache.jasper.servlet.TldScanner     : At least one JAR was scanned for TLDs yet contained no TLDs. Enable debug logging for this logger for a complete list of JARs that were scanned but no TLDs were found in them. Skipping unneeded JARs during scanning can improve startup time and JSP compilation time.
2025-12-22T14:06:06.815+07:00  INFO 3619 --- [restartedMain] o.a.c.c.C.[Tomcat].[localhost].[/]       : Initializing Spring embedded WebApplicationContext
2025-12-22T14:06:06.816+07:00  INFO 3619 --- [restartedMain] w.s.c.ServletWebServerApplicationContext : Root WebApplicationContext: initialization completed in 902 ms
2025-12-22T14:06:06.880+07:00  INFO 3619 --- [restartedMain] com.zaxxer.hikari.HikariDataSource       : HikariPool-1 - Starting...
2025-12-22T14:06:07.027+07:00  INFO 3619 --- [restartedMain] com.zaxxer.hikari.pool.HikariPool        : HikariPool-1 - Added connection com.mysql.cj.jdbc.ConnectionImpl@16cbfc5b
2025-12-22T14:06:07.028+07:00  INFO 3619 --- [restartedMain] com.zaxxer.hikari.HikariDataSource       : HikariPool-1 - Start completed.
2025-12-22T14:06:07.081+07:00  INFO 3619 --- [restartedMain] o.hibernate.jpa.internal.util.LogHelper  : HHH000204: Processing PersistenceUnitInfo [name: default]
2025-12-22T14:06:07.107+07:00  INFO 3619 --- [restartedMain] org.hibernate.Version                    : HHH000412: Hibernate ORM core version 6.6.11.Final
2025-12-22T14:06:07.125+07:00  INFO 3619 --- [restartedMain] o.h.c.internal.RegionFactoryInitiator    : HHH000026: Second-level cache disabled
2025-12-22T14:06:07.244+07:00  INFO 3619 --- [restartedMain] o.s.o.j.p.SpringPersistenceUnitInfo      : No LoadTimeWeaver setup: ignoring JPA class transformer
2025-12-22T14:06:07.300+07:00  INFO 3619 --- [restartedMain] org.hibernate.orm.connections.pooling    : HHH10001005: Database info:
	Database JDBC URL [Connecting through datasource 'HikariDataSource (HikariPool-1)']
	Database driver: undefined/unknown
	Database version: 8.4.4
	Autocommit mode: undefined/unknown
	Isolation level: undefined/unknown
	Minimum pool size: undefined/unknown
	Maximum pool size: undefined/unknown
2025-12-22T14:06:07.779+07:00  INFO 3619 --- [restartedMain] o.h.e.t.j.p.i.JtaPlatformInitiator       : HHH000489: No JTA platform available (set 'hibernate.transaction.jta.platform' to enable JTA platform integration)
2025-12-22T14:06:07.866+07:00  INFO 3619 --- [restartedMain] j.LocalContainerEntityManagerFactoryBean : Initialized JPA EntityManagerFactory for persistence unit 'default'
2025-12-22T14:06:08.110+07:00  WARN 3619 --- [restartedMain] JpaBaseConfiguration$JpaWebConfiguration : spring.jpa.open-in-view is enabled by default. Therefore, database queries may be performed during view rendering. Explicitly configure spring.jpa.open-in-view to disable this warning
2025-12-22T14:06:08.126+07:00  INFO 3619 --- [restartedMain] eAuthenticationProviderManagerConfigurer : Global AuthenticationManager configured with AuthenticationProvider bean with name authProvider
2025-12-22T14:06:08.126+07:00  WARN 3619 --- [restartedMain] r$InitializeUserDetailsManagerConfigurer : Global AuthenticationManager configured with an AuthenticationProvider bean. UserDetailsService beans will not be used by Spring Security for automatically configuring username/password login. Consider removing the AuthenticationProvider bean. Alternatively, consider using the UserDetailsService in a manually instantiated DaoAuthenticationProvider. If the current configuration is intentional, to turn off this warning, increase the logging level of 'org.springframework.security.config.annotation.authentication.configuration.InitializeUserDetailsBeanManagerConfigurer' to ERROR
2025-12-22T14:06:08.152+07:00  WARN 3619 --- [restartedMain] thorizationManagerRequestMatcherRegistry : One of the patterns in [/, /login, register, /product/**, /client/**, /css/**, /js/**, /images/**] is missing a leading slash. This is discouraged; please include the leading slash in all your request matcher patterns. In future versions of Spring Security, leaving out the leading slash will result in an exception.
2025-12-22T14:06:08.490+07:00  INFO 3619 --- [restartedMain] o.s.b.d.a.OptionalLiveReloadServer       : LiveReload server is running on port 35729
2025-12-22T14:06:08.517+07:00  INFO 3619 --- [restartedMain] o.s.b.w.embedded.tomcat.TomcatWebServer  : Tomcat started on port 8080 (http) with context path '/'
2025-12-22T14:06:08.522+07:00  INFO 3619 --- [restartedMain] c.q.laptopshop.LaptopshopApplication     : Started LaptopshopApplication in 2.866 seconds (process running for 3.105)
2025-12-22T14:06:12.243+07:00  INFO 3619 --- [http-nio-8080-exec-1] o.a.c.c.C.[Tomcat].[localhost].[/]       : Initializing Spring DispatcherServlet 'dispatcherServlet'
2025-12-22T14:06:12.244+07:00  INFO 3619 --- [http-nio-8080-exec-1] o.s.web.servlet.DispatcherServlet        : Initializing Servlet 'dispatcherServlet'
2025-12-22T14:06:12.246+07:00  INFO 3619 --- [http-nio-8080-exec-1] o.s.web.servlet.DispatcherServlet        : Completed initialization in 2 ms
2025-12-22T14:06:12.336+07:00 DEBUG 3619 --- [http-nio-8080-exec-1] org.hibernate.SQL                        : 
    select
        p1_0.id,
        p1_0.brand,
        p1_0.detail_desc,
        p1_0.image,
        p1_0.name,
        p1_0.price,
        p1_0.purpose,
        p1_0.quantity,
        p1_0.short_desc,
        p1_0.sold 
    from
        products p1_0
2025-12-22T14:09:17.580+07:00  INFO 3619 --- [SpringApplicationShutdownHook] o.s.b.w.e.tomcat.GracefulShutdown        : Commencing graceful shutdown. Waiting for active requests to complete
2025-12-22T14:09:17.585+07:00  INFO 3619 --- [tomcat-shutdown] o.s.b.w.e.tomcat.GracefulShutdown        : Graceful shutdown complete
2025-12-22T14:09:17.588+07:00  INFO 3619 --- [SpringApplicationShutdownHook] j.LocalContainerEntityManagerFactoryBean : Closing JPA EntityManagerFactory for persistence unit 'default'
2025-12-22T14:09:17.590+07:00  INFO 3619 --- [SpringApplicationShutdownHook] com.zaxxer.hikari.HikariDataSource       : HikariPool-1 - Shutdown initiated...
2025-12-22T14:09:17.593+07:00  INFO 3619 --- [SpringApplicationShutdownHook] com.zaxxer.hikari.HikariDataSource       : HikariPool-1 - Shutdown completed.
2025-12-22T14:09:18.799+07:00  INFO 3665 --- [restartedMain] c.q.laptopshop.LaptopshopApplication     : Starting LaptopshopApplication using Java 17.0.12 with PID 3665 (/Users/quangminh/Code Workspace/laptop_shop/target/classes started by quangminh in /Users/quangminh/Code Workspace/laptop_shop)
2025-12-22T14:09:18.801+07:00  INFO 3665 --- [restartedMain] c.q.laptopshop.LaptopshopApplication     : No active profile set, falling back to 1 default profile: "default"
2025-12-22T14:09:18.823+07:00  INFO 3665 --- [restartedMain] .e.DevToolsPropertyDefaultsPostProcessor : Devtools property defaults active! Set 'spring.devtools.add-properties' to 'false' to disable
2025-12-22T14:09:18.823+07:00  INFO 3665 --- [restartedMain] .e.DevToolsPropertyDefaultsPostProcessor : For additional web related logging consider setting the 'logging.level.web' property to 'DEBUG'
2025-12-22T14:09:19.093+07:00  INFO 3665 --- [restartedMain] o.s.b.f.s.DefaultListableBeanFactory     : Overriding bean definition for bean 'localeResolver' with a different definition: replacing [Root bean: class=null; scope=; abstract=false; lazyInit=null; autowireMode=3; dependencyCheck=0; autowireCandidate=true; primary=false; fallback=false; factoryBeanName=org.springframework.web.servlet.config.annotation.DelegatingWebMvcConfiguration; factoryMethodName=localeResolver; initMethodNames=null; destroyMethodNames=[(inferred)]; defined in class path resource [org/springframework/web/servlet/config/annotation/DelegatingWebMvcConfiguration.class]] with [Root bean: class=null; scope=; abstract=false; lazyInit=null; autowireMode=3; dependencyCheck=0; autowireCandidate=true; primary=false; fallback=false; factoryBeanName=webMvcConfig; factoryMethodName=localeResolver; initMethodNames=null; destroyMethodNames=[(inferred)]; defined in class path resource [com/quangminh/laptopshop/config/WebMvcConfig.class]]
2025-12-22T14:09:19.177+07:00  INFO 3665 --- [restartedMain] .s.d.r.c.RepositoryConfigurationDelegate : Bootstrapping Spring Data JPA repositories in DEFAULT mode.
2025-12-22T14:09:19.212+07:00  INFO 3665 --- [restartedMain] .s.d.r.c.RepositoryConfigurationDelegate : Finished Spring Data repository scanning in 29 ms. Found 7 JPA repository interfaces.
2025-12-22T14:09:19.619+07:00  INFO 3665 --- [restartedMain] o.s.b.w.embedded.tomcat.TomcatWebServer  : Tomcat initialized with port 8080 (http)
2025-12-22T14:09:19.626+07:00  INFO 3665 --- [restartedMain] o.apache.catalina.core.StandardService   : Starting service [Tomcat]
2025-12-22T14:09:19.626+07:00  INFO 3665 --- [restartedMain] o.apache.catalina.core.StandardEngine    : Starting Servlet engine: [Apache Tomcat/10.1.39]
2025-12-22T14:09:19.739+07:00  INFO 3665 --- [restartedMain] org.apache.jasper.servlet.TldScanner     : At least one JAR was scanned for TLDs yet contained no TLDs. Enable debug logging for this logger for a complete list of JARs that were scanned but no TLDs were found in them. Skipping unneeded JARs during scanning can improve startup time and JSP compilation time.
2025-12-22T14:09:19.744+07:00  INFO 3665 --- [restartedMain] o.a.c.c.C.[Tomcat].[localhost].[/]       : Initializing Spring embedded WebApplicationContext
2025-12-22T14:09:19.744+07:00  INFO 3665 --- [restartedMain] w.s.c.ServletWebServerApplicationContext : Root WebApplicationContext: initialization completed in 921 ms
2025-12-22T14:09:19.804+07:00  INFO 3665 --- [restartedMain] com.zaxxer.hikari.HikariDataSource       : HikariPool-1 - Starting...
2025-12-22T14:09:19.954+07:00  INFO 3665 --- [restartedMain] com.zaxxer.hikari.pool.HikariPool        : HikariPool-1 - Added connection com.mysql.cj.jdbc.ConnectionImpl@7ff4f20f
2025-12-22T14:09:19.955+07:00  INFO 3665 --- [restartedMain] com.zaxxer.hikari.HikariDataSource       : HikariPool-1 - Start completed.
2025-12-22T14:09:20.007+07:00  INFO 3665 --- [restartedMain] o.hibernate.jpa.internal.util.LogHelper  : HHH000204: Processing PersistenceUnitInfo [name: default]
2025-12-22T14:09:20.035+07:00  INFO 3665 --- [restartedMain] org.hibernate.Version                    : HHH000412: Hibernate ORM core version 6.6.11.Final
2025-12-22T14:09:20.050+07:00  INFO 3665 --- [restartedMain] o.h.c.internal.RegionFactoryInitiator    : HHH000026: Second-level cache disabled
2025-12-22T14:09:20.169+07:00  INFO 3665 --- [restartedMain] o.s.o.j.p.SpringPersistenceUnitInfo      : No LoadTimeWeaver setup: ignoring JPA class transformer
2025-12-22T14:09:20.226+07:00  INFO 3665 --- [restartedMain] org.hibernate.orm.connections.pooling    : HHH10001005: Database info:
	Database JDBC URL [Connecting through datasource 'HikariDataSource (HikariPool-1)']
	Database driver: undefined/unknown
	Database version: 8.4.4
	Autocommit mode: undefined/unknown
	Isolation level: undefined/unknown
	Minimum pool size: undefined/unknown
	Maximum pool size: undefined/unknown
2025-12-22T14:09:20.716+07:00  INFO 3665 --- [restartedMain] o.h.e.t.j.p.i.JtaPlatformInitiator       : HHH000489: No JTA platform available (set 'hibernate.transaction.jta.platform' to enable JTA platform integration)
2025-12-22T14:09:20.801+07:00  INFO 3665 --- [restartedMain] j.LocalContainerEntityManagerFactoryBean : Initialized JPA EntityManagerFactory for persistence unit 'default'
2025-12-22T14:09:21.041+07:00  WARN 3665 --- [restartedMain] JpaBaseConfiguration$JpaWebConfiguration : spring.jpa.open-in-view is enabled by default. Therefore, database queries may be performed during view rendering. Explicitly configure spring.jpa.open-in-view to disable this warning
2025-12-22T14:09:21.056+07:00  INFO 3665 --- [restartedMain] eAuthenticationProviderManagerConfigurer : Global AuthenticationManager configured with AuthenticationProvider bean with name authProvider
2025-12-22T14:09:21.056+07:00  WARN 3665 --- [restartedMain] r$InitializeUserDetailsManagerConfigurer : Global AuthenticationManager configured with an AuthenticationProvider bean. UserDetailsService beans will not be used by Spring Security for automatically configuring username/password login. Consider removing the AuthenticationProvider bean. Alternatively, consider using the UserDetailsService in a manually instantiated DaoAuthenticationProvider. If the current configuration is intentional, to turn off this warning, increase the logging level of 'org.springframework.security.config.annotation.authentication.configuration.InitializeUserDetailsBeanManagerConfigurer' to ERROR
2025-12-22T14:09:21.085+07:00  WARN 3665 --- [restartedMain] thorizationManagerRequestMatcherRegistry : One of the patterns in [/, /login, register, /product/**, /client/**, /css/**, /js/**, /images/**] is missing a leading slash. This is discouraged; please include the leading slash in all your request matcher patterns. In future versions of Spring Security, leaving out the leading slash will result in an exception.
2025-12-22T14:09:21.416+07:00  WARN 3665 --- [restartedMain] ion$DefaultTemplateResolverConfiguration : Cannot find template location: classpath:/templates/ (please add some templates, check your Thymeleaf configuration, or set spring.thymeleaf.check-template-location=false)
2025-12-22T14:09:21.440+07:00  INFO 3665 --- [restartedMain] o.s.b.d.a.OptionalLiveReloadServer       : LiveReload server is running on port 35729
2025-12-22T14:09:21.464+07:00  INFO 3665 --- [restartedMain] o.s.b.w.embedded.tomcat.TomcatWebServer  : Tomcat started on port 8080 (http) with context path '/'
2025-12-22T14:09:21.469+07:00  INFO 3665 --- [restartedMain] c.q.laptopshop.LaptopshopApplication     : Started LaptopshopApplication in 2.906 seconds (process running for 3.138)
2025-12-22T14:09:24.865+07:00  INFO 3665 --- [http-nio-8080-exec-1] o.a.c.c.C.[Tomcat].[localhost].[/]       : Initializing Spring DispatcherServlet 'dispatcherServlet'
2025-12-22T14:09:24.866+07:00  INFO 3665 --- [http-nio-8080-exec-1] o.s.web.servlet.DispatcherServlet        : Initializing Servlet 'dispatcherServlet'
2025-12-22T14:09:24.867+07:00  INFO 3665 --- [http-nio-8080-exec-1] o.s.web.servlet.DispatcherServlet        : Completed initialization in 1 ms
2025-12-22T14:09:24.980+07:00 DEBUG 3665 --- [http-nio-8080-exec-1] org.hibernate.SQL                        : 
    select
        p1_0.id,
        p1_0.brand,
        p1_0.detail_desc,
        p1_0.image,
        p1_0.name,
        p1_0.price,
        p1_0.purpose,
        p1_0.quantity,
        p1_0.short_desc,
        p1_0.sold 
    from
        products p1_0
2025-12-22T14:09:29.710+07:00 DEBUG 3665 --- [http-nio-8080-exec-8] org.hibernate.SQL                        : 
    select
        p1_0.id,
        p1_0.brand,
        p1_0.detail_desc,
        p1_0.image,
        p1_0.name,
        p1_0.price,
        p1_0.purpose,
        p1_0.quantity,
        p1_0.short_desc,
        p1_0.sold 
    from
        products p1_0 
    where
        p1_0.id=?
2025-12-22T14:10:20.974+07:00  INFO 3665 --- [SpringApplicationShutdownHook] o.s.b.w.e.tomcat.GracefulShutdown        : Commencing graceful shutdown. Waiting for active requests to complete
2025-12-22T14:10:20.980+07:00  INFO 3665 --- [tomcat-shutdown] o.s.b.w.e.tomcat.GracefulShutdown        : Graceful shutdown complete
2025-12-22T14:10:20.983+07:00  INFO 3665 --- [SpringApplicationShutdownHook] j.LocalContainerEntityManagerFactoryBean : Closing JPA EntityManagerFactory for persistence unit 'default'
2025-12-22T14:10:20.985+07:00  INFO 3665 --- [SpringApplicationShutdownHook] com.zaxxer.hikari.HikariDataSource       : HikariPool-1 - Shutdown initiated...
2025-12-22T14:10:20.988+07:00  INFO 3665 --- [SpringApplicationShutdownHook] com.zaxxer.hikari.HikariDataSource       : HikariPool-1 - Shutdown completed.
2025-12-22T14:10:22.013+07:00  INFO 3681 --- [restartedMain] c.q.laptopshop.LaptopshopApplication     : Starting LaptopshopApplication using Java 17.0.12 with PID 3681 (/Users/quangminh/Code Workspace/laptop_shop/target/classes started by quangminh in /Users/quangminh/Code Workspace/laptop_shop)
2025-12-22T14:10:22.014+07:00  INFO 3681 --- [restartedMain] c.q.laptopshop.LaptopshopApplication     : No active profile set, falling back to 1 default profile: "default"
2025-12-22T14:10:22.039+07:00  INFO 3681 --- [restartedMain] .e.DevToolsPropertyDefaultsPostProcessor : Devtools property defaults active! Set 'spring.devtools.add-properties' to 'false' to disable
2025-12-22T14:10:22.039+07:00  INFO 3681 --- [restartedMain] .e.DevToolsPropertyDefaultsPostProcessor : For additional web related logging consider setting the 'logging.level.web' property to 'DEBUG'
2025-12-22T14:10:22.307+07:00  INFO 3681 --- [restartedMain] o.s.b.f.s.DefaultListableBeanFactory     : Overriding bean definition for bean 'localeResolver' with a different definition: replacing [Root bean: class=null; scope=; abstract=false; lazyInit=null; autowireMode=3; dependencyCheck=0; autowireCandidate=true; primary=false; fallback=false; factoryBeanName=org.springframework.web.servlet.config.annotation.DelegatingWebMvcConfiguration; factoryMethodName=localeResolver; initMethodNames=null; destroyMethodNames=[(inferred)]; defined in class path resource [org/springframework/web/servlet/config/annotation/DelegatingWebMvcConfiguration.class]] with [Root bean: class=null; scope=; abstract=false; lazyInit=null; autowireMode=3; dependencyCheck=0; autowireCandidate=true; primary=false; fallback=false; factoryBeanName=webMvcConfig; factoryMethodName=localeResolver; initMethodNames=null; destroyMethodNames=[(inferred)]; defined in class path resource [com/quangminh/laptopshop/config/WebMvcConfig.class]]
2025-12-22T14:10:22.390+07:00  INFO 3681 --- [restartedMain] .s.d.r.c.RepositoryConfigurationDelegate : Bootstrapping Spring Data JPA repositories in DEFAULT mode.
2025-12-22T14:10:22.422+07:00  INFO 3681 --- [restartedMain] .s.d.r.c.RepositoryConfigurationDelegate : Finished Spring Data repository scanning in 27 ms. Found 7 JPA repository interfaces.
2025-12-22T14:10:22.801+07:00  INFO 3681 --- [restartedMain] o.s.b.w.embedded.tomcat.TomcatWebServer  : Tomcat initialized with port 8080 (http)
2025-12-22T14:10:22.809+07:00  INFO 3681 --- [restartedMain] o.apache.catalina.core.StandardService   : Starting service [Tomcat]
2025-12-22T14:10:22.809+07:00  INFO 3681 --- [restartedMain] o.apache.catalina.core.StandardEngine    : Starting Servlet engine: [Apache Tomcat/10.1.39]
2025-12-22T14:10:22.917+07:00  INFO 3681 --- [restartedMain] org.apache.jasper.servlet.TldScanner     : At least one JAR was scanned for TLDs yet contained no TLDs. Enable debug logging for this logger for a complete list of JARs that were scanned but no TLDs were found in them. Skipping unneeded JARs during scanning can improve startup time and JSP compilation time.
2025-12-22T14:10:22.921+07:00  INFO 3681 --- [restartedMain] o.a.c.c.C.[Tomcat].[localhost].[/]       : Initializing Spring embedded WebApplicationContext
2025-12-22T14:10:22.921+07:00  INFO 3681 --- [restartedMain] w.s.c.ServletWebServerApplicationContext : Root WebApplicationContext: initialization completed in 882 ms
2025-12-22T14:10:22.981+07:00  INFO 3681 --- [restartedMain] com.zaxxer.hikari.HikariDataSource       : HikariPool-1 - Starting...
2025-12-22T14:10:23.124+07:00  INFO 3681 --- [restartedMain] com.zaxxer.hikari.pool.HikariPool        : HikariPool-1 - Added connection com.mysql.cj.jdbc.ConnectionImpl@3d21eecf
2025-12-22T14:10:23.125+07:00  INFO 3681 --- [restartedMain] com.zaxxer.hikari.HikariDataSource       : HikariPool-1 - Start completed.
2025-12-22T14:10:23.175+07:00  INFO 3681 --- [restartedMain] o.hibernate.jpa.internal.util.LogHelper  : HHH000204: Processing PersistenceUnitInfo [name: default]
2025-12-22T14:10:23.201+07:00  INFO 3681 --- [restartedMain] org.hibernate.Version                    : HHH000412: Hibernate ORM core version 6.6.11.Final
2025-12-22T14:10:23.217+07:00  INFO 3681 --- [restartedMain] o.h.c.internal.RegionFactoryInitiator    : HHH000026: Second-level cache disabled
2025-12-22T14:10:23.327+07:00  INFO 3681 --- [restartedMain] o.s.o.j.p.SpringPersistenceUnitInfo      : No LoadTimeWeaver setup: ignoring JPA class transformer
2025-12-22T14:10:23.378+07:00  INFO 3681 --- [restartedMain] org.hibernate.orm.connections.pooling    : HHH10001005: Database info:
	Database JDBC URL [Connecting through datasource 'HikariDataSource (HikariPool-1)']
	Database driver: undefined/unknown
	Database version: 8.4.4
	Autocommit mode: undefined/unknown
	Isolation level: undefined/unknown
	Minimum pool size: undefined/unknown
	Maximum pool size: undefined/unknown
2025-12-22T14:10:23.860+07:00  INFO 3681 --- [restartedMain] o.h.e.t.j.p.i.JtaPlatformInitiator       : HHH000489: No JTA platform available (set 'hibernate.transaction.jta.platform' to enable JTA platform integration)
2025-12-22T14:10:23.950+07:00  INFO 3681 --- [restartedMain] j.LocalContainerEntityManagerFactoryBean : Initialized JPA EntityManagerFactory for persistence unit 'default'
2025-12-22T14:10:24.203+07:00  WARN 3681 --- [restartedMain] JpaBaseConfiguration$JpaWebConfiguration : spring.jpa.open-in-view is enabled by default. Therefore, database queries may be performed during view rendering. Explicitly configure spring.jpa.open-in-view to disable this warning
2025-12-22T14:10:24.221+07:00  INFO 3681 --- [restartedMain] eAuthenticationProviderManagerConfigurer : Global AuthenticationManager configured with AuthenticationProvider bean with name authProvider
2025-12-22T14:10:24.221+07:00  WARN 3681 --- [restartedMain] r$InitializeUserDetailsManagerConfigurer : Global AuthenticationManager configured with an AuthenticationProvider bean. UserDetailsService beans will not be used by Spring Security for automatically configuring username/password login. Consider removing the AuthenticationProvider bean. Alternatively, consider using the UserDetailsService in a manually instantiated DaoAuthenticationProvider. If the current configuration is intentional, to turn off this warning, increase the logging level of 'org.springframework.security.config.annotation.authentication.configuration.InitializeUserDetailsBeanManagerConfigurer' to ERROR
2025-12-22T14:10:24.245+07:00  WARN 3681 --- [restartedMain] thorizationManagerRequestMatcherRegistry : One of the patterns in [/, /login, register, /product/**, /client/**, /css/**, /js/**, /images/**] is missing a leading slash. This is discouraged; please include the leading slash in all your request matcher patterns. In future versions of Spring Security, leaving out the leading slash will result in an exception.
2025-12-22T14:10:24.577+07:00  WARN 3681 --- [restartedMain] ion$DefaultTemplateResolverConfiguration : Cannot find template location: classpath:/templates/ (please add some templates, check your Thymeleaf configuration, or set spring.thymeleaf.check-template-location=false)
2025-12-22T14:10:24.601+07:00  INFO 3681 --- [restartedMain] o.s.b.d.a.OptionalLiveReloadServer       : LiveReload server is running on port 35729
2025-12-22T14:10:24.629+07:00  INFO 3681 --- [restartedMain] o.s.b.w.embedded.tomcat.TomcatWebServer  : Tomcat started on port 8080 (http) with context path '/'
2025-12-22T14:10:24.635+07:00  INFO 3681 --- [restartedMain] c.q.laptopshop.LaptopshopApplication     : Started LaptopshopApplication in 2.836 seconds (process running for 3.061)
2025-12-22T14:10:47.123+07:00  INFO 3681 --- [SpringApplicationShutdownHook] o.s.b.w.e.tomcat.GracefulShutdown        : Commencing graceful shutdown. Waiting for active requests to complete
2025-12-22T14:10:47.130+07:00  INFO 3681 --- [tomcat-shutdown] o.s.b.w.e.tomcat.GracefulShutdown        : Graceful shutdown complete
2025-12-22T14:10:47.135+07:00  INFO 3681 --- [SpringApplicationShutdownHook] j.LocalContainerEntityManagerFactoryBean : Closing JPA EntityManagerFactory for persistence unit 'default'
2025-12-22T14:10:47.137+07:00  INFO 3681 --- [SpringApplicationShutdownHook] com.zaxxer.hikari.HikariDataSource       : HikariPool-1 - Shutdown initiated...
2025-12-22T14:10:47.142+07:00  INFO 3681 --- [SpringApplicationShutdownHook] com.zaxxer.hikari.HikariDataSource       : HikariPool-1 - Shutdown completed.
2025-12-22T14:10:48.185+07:00  INFO 3707 --- [restartedMain] c.q.laptopshop.LaptopshopApplication     : Starting LaptopshopApplication using Java 17.0.12 with PID 3707 (/Users/quangminh/Code Workspace/laptop_shop/target/classes started by quangminh in /Users/quangminh/Code Workspace/laptop_shop)
2025-12-22T14:10:48.186+07:00  INFO 3707 --- [restartedMain] c.q.laptopshop.LaptopshopApplication     : No active profile set, falling back to 1 default profile: "default"
2025-12-22T14:10:48.206+07:00  INFO 3707 --- [restartedMain] .e.DevToolsPropertyDefaultsPostProcessor : Devtools property defaults active! Set 'spring.devtools.add-properties' to 'false' to disable
2025-12-22T14:10:48.206+07:00  INFO 3707 --- [restartedMain] .e.DevToolsPropertyDefaultsPostProcessor : For additional web related logging consider setting the 'logging.level.web' property to 'DEBUG'
2025-12-22T14:10:48.474+07:00  INFO 3707 --- [restartedMain] o.s.b.f.s.DefaultListableBeanFactory     : Overriding bean definition for bean 'localeResolver' with a different definition: replacing [Root bean: class=null; scope=; abstract=false; lazyInit=null; autowireMode=3; dependencyCheck=0; autowireCandidate=true; primary=false; fallback=false; factoryBeanName=org.springframework.web.servlet.config.annotation.DelegatingWebMvcConfiguration; factoryMethodName=localeResolver; initMethodNames=null; destroyMethodNames=[(inferred)]; defined in class path resource [org/springframework/web/servlet/config/annotation/DelegatingWebMvcConfiguration.class]] with [Root bean: class=null; scope=; abstract=false; lazyInit=null; autowireMode=3; dependencyCheck=0; autowireCandidate=true; primary=false; fallback=false; factoryBeanName=webMvcConfig; factoryMethodName=localeResolver; initMethodNames=null; destroyMethodNames=[(inferred)]; defined in class path resource [com/quangminh/laptopshop/config/WebMvcConfig.class]]
2025-12-22T14:10:48.557+07:00  INFO 3707 --- [restartedMain] .s.d.r.c.RepositoryConfigurationDelegate : Bootstrapping Spring Data JPA repositories in DEFAULT mode.
2025-12-22T14:10:48.591+07:00  INFO 3707 --- [restartedMain] .s.d.r.c.RepositoryConfigurationDelegate : Finished Spring Data repository scanning in 28 ms. Found 7 JPA repository interfaces.
2025-12-22T14:10:48.972+07:00  INFO 3707 --- [restartedMain] o.s.b.w.embedded.tomcat.TomcatWebServer  : Tomcat initialized with port 8080 (http)
2025-12-22T14:10:48.978+07:00  INFO 3707 --- [restartedMain] o.apache.catalina.core.StandardService   : Starting service [Tomcat]
2025-12-22T14:10:48.978+07:00  INFO 3707 --- [restartedMain] o.apache.catalina.core.StandardEngine    : Starting Servlet engine: [Apache Tomcat/10.1.39]
2025-12-22T14:10:49.089+07:00  INFO 3707 --- [restartedMain] org.apache.jasper.servlet.TldScanner     : At least one JAR was scanned for TLDs yet contained no TLDs. Enable debug logging for this logger for a complete list of JARs that were scanned but no TLDs were found in them. Skipping unneeded JARs during scanning can improve startup time and JSP compilation time.
2025-12-22T14:10:49.092+07:00  INFO 3707 --- [restartedMain] o.a.c.c.C.[Tomcat].[localhost].[/]       : Initializing Spring embedded WebApplicationContext
2025-12-22T14:10:49.093+07:00  INFO 3707 --- [restartedMain] w.s.c.ServletWebServerApplicationContext : Root WebApplicationContext: initialization completed in 886 ms
2025-12-22T14:10:49.149+07:00  INFO 3707 --- [restartedMain] com.zaxxer.hikari.HikariDataSource       : HikariPool-1 - Starting...
2025-12-22T14:10:49.296+07:00  INFO 3707 --- [restartedMain] com.zaxxer.hikari.pool.HikariPool        : HikariPool-1 - Added connection com.mysql.cj.jdbc.ConnectionImpl@4801f58f
2025-12-22T14:10:49.297+07:00  INFO 3707 --- [restartedMain] com.zaxxer.hikari.HikariDataSource       : HikariPool-1 - Start completed.
2025-12-22T14:10:49.348+07:00  INFO 3707 --- [restartedMain] o.hibernate.jpa.internal.util.LogHelper  : HHH000204: Processing PersistenceUnitInfo [name: default]
2025-12-22T14:10:49.373+07:00  INFO 3707 --- [restartedMain] org.hibernate.Version                    : HHH000412: Hibernate ORM core version 6.6.11.Final
2025-12-22T14:10:49.386+07:00  INFO 3707 --- [restartedMain] o.h.c.internal.RegionFactoryInitiator    : HHH000026: Second-level cache disabled
2025-12-22T14:10:49.497+07:00  INFO 3707 --- [restartedMain] o.s.o.j.p.SpringPersistenceUnitInfo      : No LoadTimeWeaver setup: ignoring JPA class transformer
2025-12-22T14:10:49.545+07:00  INFO 3707 --- [restartedMain] org.hibernate.orm.connections.pooling    : HHH10001005: Database info:
	Database JDBC URL [Connecting through datasource 'HikariDataSource (HikariPool-1)']
	Database driver: undefined/unknown
	Database version: 8.4.4
	Autocommit mode: undefined/unknown
	Isolation level: undefined/unknown
	Minimum pool size: undefined/unknown
	Maximum pool size: undefined/unknown
2025-12-22T14:10:50.014+07:00  INFO 3707 --- [restartedMain] o.h.e.t.j.p.i.JtaPlatformInitiator       : HHH000489: No JTA platform available (set 'hibernate.transaction.jta.platform' to enable JTA platform integration)
2025-12-22T14:10:50.099+07:00  INFO 3707 --- [restartedMain] j.LocalContainerEntityManagerFactoryBean : Initialized JPA EntityManagerFactory for persistence unit 'default'
2025-12-22T14:10:50.342+07:00  WARN 3707 --- [restartedMain] JpaBaseConfiguration$JpaWebConfiguration : spring.jpa.open-in-view is enabled by default. Therefore, database queries may be performed during view rendering. Explicitly configure spring.jpa.open-in-view to disable this warning
2025-12-22T14:10:50.357+07:00  INFO 3707 --- [restartedMain] eAuthenticationProviderManagerConfigurer : Global AuthenticationManager configured with AuthenticationProvider bean with name authProvider
2025-12-22T14:10:50.357+07:00  WARN 3707 --- [restartedMain] r$InitializeUserDetailsManagerConfigurer : Global AuthenticationManager configured with an AuthenticationProvider bean. UserDetailsService beans will not be used by Spring Security for automatically configuring username/password login. Consider removing the AuthenticationProvider bean. Alternatively, consider using the UserDetailsService in a manually instantiated DaoAuthenticationProvider. If the current configuration is intentional, to turn off this warning, increase the logging level of 'org.springframework.security.config.annotation.authentication.configuration.InitializeUserDetailsBeanManagerConfigurer' to ERROR
2025-12-22T14:10:50.382+07:00  WARN 3707 --- [restartedMain] thorizationManagerRequestMatcherRegistry : One of the patterns in [/, /login, register, /product/**, /client/**, /css/**, /js/**, /images/**] is missing a leading slash. This is discouraged; please include the leading slash in all your request matcher patterns. In future versions of Spring Security, leaving out the leading slash will result in an exception.
2025-12-22T14:10:50.515+07:00  WARN 3707 --- [restartedMain] ion$DefaultTemplateResolverConfiguration : Cannot find template location: classpath:/templates/ (please add some templates, check your Thymeleaf configuration, or set spring.thymeleaf.check-template-location=false)
2025-12-22T14:10:50.713+07:00  INFO 3707 --- [restartedMain] o.s.b.d.a.OptionalLiveReloadServer       : LiveReload server is running on port 35729
2025-12-22T14:10:50.740+07:00  INFO 3707 --- [restartedMain] o.s.b.w.embedded.tomcat.TomcatWebServer  : Tomcat started on port 8080 (http) with context path '/'
2025-12-22T14:10:50.746+07:00  INFO 3707 --- [restartedMain] c.q.laptopshop.LaptopshopApplication     : Started LaptopshopApplication in 2.781 seconds (process running for 3.008)
2025-12-22T14:11:09.900+07:00  INFO 3707 --- [SpringApplicationShutdownHook] o.s.b.w.e.tomcat.GracefulShutdown        : Commencing graceful shutdown. Waiting for active requests to complete
2025-12-22T14:11:09.906+07:00  INFO 3707 --- [tomcat-shutdown] o.s.b.w.e.tomcat.GracefulShutdown        : Graceful shutdown complete
2025-12-22T14:11:09.910+07:00  INFO 3707 --- [SpringApplicationShutdownHook] j.LocalContainerEntityManagerFactoryBean : Closing JPA EntityManagerFactory for persistence unit 'default'
2025-12-22T14:11:09.912+07:00  INFO 3707 --- [SpringApplicationShutdownHook] com.zaxxer.hikari.HikariDataSource       : HikariPool-1 - Shutdown initiated...
2025-12-22T14:11:09.916+07:00  INFO 3707 --- [SpringApplicationShutdownHook] com.zaxxer.hikari.HikariDataSource       : HikariPool-1 - Shutdown completed.
2025-12-22T14:12:01.624+07:00  INFO 3740 --- [restartedMain] c.q.laptopshop.LaptopshopApplication     : Starting LaptopshopApplication using Java 17.0.12 with PID 3740 (/Users/quangminh/Code Workspace/laptop_shop/target/classes started by quangminh in /Users/quangminh/Code Workspace/laptop_shop)
2025-12-22T14:12:01.625+07:00  INFO 3740 --- [restartedMain] c.q.laptopshop.LaptopshopApplication     : No active profile set, falling back to 1 default profile: "default"
2025-12-22T14:12:01.646+07:00  INFO 3740 --- [restartedMain] .e.DevToolsPropertyDefaultsPostProcessor : Devtools property defaults active! Set 'spring.devtools.add-properties' to 'false' to disable
2025-12-22T14:12:01.647+07:00  INFO 3740 --- [restartedMain] .e.DevToolsPropertyDefaultsPostProcessor : For additional web related logging consider setting the 'logging.level.web' property to 'DEBUG'
2025-12-22T14:12:01.926+07:00  INFO 3740 --- [restartedMain] o.s.b.f.s.DefaultListableBeanFactory     : Overriding bean definition for bean 'localeResolver' with a different definition: replacing [Root bean: class=null; scope=; abstract=false; lazyInit=null; autowireMode=3; dependencyCheck=0; autowireCandidate=true; primary=false; fallback=false; factoryBeanName=org.springframework.web.servlet.config.annotation.DelegatingWebMvcConfiguration; factoryMethodName=localeResolver; initMethodNames=null; destroyMethodNames=[(inferred)]; defined in class path resource [org/springframework/web/servlet/config/annotation/DelegatingWebMvcConfiguration.class]] with [Root bean: class=null; scope=; abstract=false; lazyInit=null; autowireMode=3; dependencyCheck=0; autowireCandidate=true; primary=false; fallback=false; factoryBeanName=webMvcConfig; factoryMethodName=localeResolver; initMethodNames=null; destroyMethodNames=[(inferred)]; defined in class path resource [com/quangminh/laptopshop/config/WebMvcConfig.class]]
2025-12-22T14:12:02.017+07:00  INFO 3740 --- [restartedMain] .s.d.r.c.RepositoryConfigurationDelegate : Bootstrapping Spring Data JPA repositories in DEFAULT mode.
2025-12-22T14:12:02.054+07:00  INFO 3740 --- [restartedMain] .s.d.r.c.RepositoryConfigurationDelegate : Finished Spring Data repository scanning in 31 ms. Found 7 JPA repository interfaces.
2025-12-22T14:12:02.444+07:00  INFO 3740 --- [restartedMain] o.s.b.w.embedded.tomcat.TomcatWebServer  : Tomcat initialized with port 8080 (http)
2025-12-22T14:12:02.451+07:00  INFO 3740 --- [restartedMain] o.apache.catalina.core.StandardService   : Starting service [Tomcat]
2025-12-22T14:12:02.451+07:00  INFO 3740 --- [restartedMain] o.apache.catalina.core.StandardEngine    : Starting Servlet engine: [Apache Tomcat/10.1.39]
2025-12-22T14:12:02.570+07:00  INFO 3740 --- [restartedMain] org.apache.jasper.servlet.TldScanner     : At least one JAR was scanned for TLDs yet contained no TLDs. Enable debug logging for this logger for a complete list of JARs that were scanned but no TLDs were found in them. Skipping unneeded JARs during scanning can improve startup time and JSP compilation time.
2025-12-22T14:12:02.576+07:00  INFO 3740 --- [restartedMain] o.a.c.c.C.[Tomcat].[localhost].[/]       : Initializing Spring embedded WebApplicationContext
2025-12-22T14:12:02.576+07:00  INFO 3740 --- [restartedMain] w.s.c.ServletWebServerApplicationContext : Root WebApplicationContext: initialization completed in 929 ms
2025-12-22T14:12:02.638+07:00  INFO 3740 --- [restartedMain] com.zaxxer.hikari.HikariDataSource       : HikariPool-1 - Starting...
2025-12-22T14:12:02.782+07:00  INFO 3740 --- [restartedMain] com.zaxxer.hikari.pool.HikariPool        : HikariPool-1 - Added connection com.mysql.cj.jdbc.ConnectionImpl@34e1d9c5
2025-12-22T14:12:02.783+07:00  INFO 3740 --- [restartedMain] com.zaxxer.hikari.HikariDataSource       : HikariPool-1 - Start completed.
2025-12-22T14:12:02.839+07:00  INFO 3740 --- [restartedMain] o.hibernate.jpa.internal.util.LogHelper  : HHH000204: Processing PersistenceUnitInfo [name: default]
2025-12-22T14:12:02.867+07:00  INFO 3740 --- [restartedMain] org.hibernate.Version                    : HHH000412: Hibernate ORM core version 6.6.11.Final
2025-12-22T14:12:02.886+07:00  INFO 3740 --- [restartedMain] o.h.c.internal.RegionFactoryInitiator    : HHH000026: Second-level cache disabled
2025-12-22T14:12:03.012+07:00  INFO 3740 --- [restartedMain] o.s.o.j.p.SpringPersistenceUnitInfo      : No LoadTimeWeaver setup: ignoring JPA class transformer
2025-12-22T14:12:03.064+07:00  INFO 3740 --- [restartedMain] org.hibernate.orm.connections.pooling    : HHH10001005: Database info:
	Database JDBC URL [Connecting through datasource 'HikariDataSource (HikariPool-1)']
	Database driver: undefined/unknown
	Database version: 8.4.4
	Autocommit mode: undefined/unknown
	Isolation level: undefined/unknown
	Minimum pool size: undefined/unknown
	Maximum pool size: undefined/unknown
2025-12-22T14:12:03.560+07:00  INFO 3740 --- [restartedMain] o.h.e.t.j.p.i.JtaPlatformInitiator       : HHH000489: No JTA platform available (set 'hibernate.transaction.jta.platform' to enable JTA platform integration)
2025-12-22T14:12:03.651+07:00  INFO 3740 --- [restartedMain] j.LocalContainerEntityManagerFactoryBean : Initialized JPA EntityManagerFactory for persistence unit 'default'
2025-12-22T14:12:03.897+07:00  WARN 3740 --- [restartedMain] JpaBaseConfiguration$JpaWebConfiguration : spring.jpa.open-in-view is enabled by default. Therefore, database queries may be performed during view rendering. Explicitly configure spring.jpa.open-in-view to disable this warning
2025-12-22T14:12:03.912+07:00  INFO 3740 --- [restartedMain] eAuthenticationProviderManagerConfigurer : Global AuthenticationManager configured with AuthenticationProvider bean with name authProvider
2025-12-22T14:12:03.913+07:00  WARN 3740 --- [restartedMain] r$InitializeUserDetailsManagerConfigurer : Global AuthenticationManager configured with an AuthenticationProvider bean. UserDetailsService beans will not be used by Spring Security for automatically configuring username/password login. Consider removing the AuthenticationProvider bean. Alternatively, consider using the UserDetailsService in a manually instantiated DaoAuthenticationProvider. If the current configuration is intentional, to turn off this warning, increase the logging level of 'org.springframework.security.config.annotation.authentication.configuration.InitializeUserDetailsBeanManagerConfigurer' to ERROR
2025-12-22T14:12:03.938+07:00  WARN 3740 --- [restartedMain] thorizationManagerRequestMatcherRegistry : One of the patterns in [/, /login, register, /product/**, /client/**, /css/**, /js/**, /images/**] is missing a leading slash. This is discouraged; please include the leading slash in all your request matcher patterns. In future versions of Spring Security, leaving out the leading slash will result in an exception.
2025-12-22T14:12:04.087+07:00  WARN 3740 --- [restartedMain] ion$DefaultTemplateResolverConfiguration : Cannot find template location: classpath:/templates/ (please add some templates, check your Thymeleaf configuration, or set spring.thymeleaf.check-template-location=false)
2025-12-22T14:12:04.295+07:00  INFO 3740 --- [restartedMain] o.s.b.d.a.OptionalLiveReloadServer       : LiveReload server is running on port 35729
2025-12-22T14:12:04.322+07:00  INFO 3740 --- [restartedMain] o.s.b.w.embedded.tomcat.TomcatWebServer  : Tomcat started on port 8080 (http) with context path '/'
2025-12-22T14:12:04.327+07:00  INFO 3740 --- [restartedMain] c.q.laptopshop.LaptopshopApplication     : Started LaptopshopApplication in 2.922 seconds (process running for 3.185)
2025-12-22T14:12:43.286+07:00  INFO 3740 --- [SpringApplicationShutdownHook] o.s.b.w.e.tomcat.GracefulShutdown        : Commencing graceful shutdown. Waiting for active requests to complete
2025-12-22T14:12:43.292+07:00  INFO 3740 --- [tomcat-shutdown] o.s.b.w.e.tomcat.GracefulShutdown        : Graceful shutdown complete
2025-12-22T14:12:43.297+07:00  INFO 3740 --- [SpringApplicationShutdownHook] j.LocalContainerEntityManagerFactoryBean : Closing JPA EntityManagerFactory for persistence unit 'default'
2025-12-22T14:12:43.299+07:00  INFO 3740 --- [SpringApplicationShutdownHook] com.zaxxer.hikari.HikariDataSource       : HikariPool-1 - Shutdown initiated...
2025-12-22T14:12:43.303+07:00  INFO 3740 --- [SpringApplicationShutdownHook] com.zaxxer.hikari.HikariDataSource       : HikariPool-1 - Shutdown completed.
2025-12-22T14:12:45.645+07:00  INFO 3755 --- [restartedMain] c.q.laptopshop.LaptopshopApplication     : Starting LaptopshopApplication using Java 17.0.12 with PID 3755 (/Users/quangminh/Code Workspace/laptop_shop/target/classes started by quangminh in /Users/quangminh/Code Workspace/laptop_shop)
2025-12-22T14:12:45.647+07:00  INFO 3755 --- [restartedMain] c.q.laptopshop.LaptopshopApplication     : No active profile set, falling back to 1 default profile: "default"
2025-12-22T14:12:45.668+07:00  INFO 3755 --- [restartedMain] .e.DevToolsPropertyDefaultsPostProcessor : Devtools property defaults active! Set 'spring.devtools.add-properties' to 'false' to disable
2025-12-22T14:12:45.668+07:00  INFO 3755 --- [restartedMain] .e.DevToolsPropertyDefaultsPostProcessor : For additional web related logging consider setting the 'logging.level.web' property to 'DEBUG'
2025-12-22T14:12:45.916+07:00  INFO 3755 --- [restartedMain] o.s.b.f.s.DefaultListableBeanFactory     : Overriding bean definition for bean 'localeResolver' with a different definition: replacing [Root bean: class=null; scope=; abstract=false; lazyInit=null; autowireMode=3; dependencyCheck=0; autowireCandidate=true; primary=false; fallback=false; factoryBeanName=org.springframework.web.servlet.config.annotation.DelegatingWebMvcConfiguration; factoryMethodName=localeResolver; initMethodNames=null; destroyMethodNames=[(inferred)]; defined in class path resource [org/springframework/web/servlet/config/annotation/DelegatingWebMvcConfiguration.class]] with [Root bean: class=null; scope=; abstract=false; lazyInit=null; autowireMode=3; dependencyCheck=0; autowireCandidate=true; primary=false; fallback=false; factoryBeanName=webMvcConfig; factoryMethodName=localeResolver; initMethodNames=null; destroyMethodNames=[(inferred)]; defined in class path resource [com/quangminh/laptopshop/config/WebMvcConfig.class]]
2025-12-22T14:12:46.000+07:00  INFO 3755 --- [restartedMain] .s.d.r.c.RepositoryConfigurationDelegate : Bootstrapping Spring Data JPA repositories in DEFAULT mode.
2025-12-22T14:12:46.034+07:00  INFO 3755 --- [restartedMain] .s.d.r.c.RepositoryConfigurationDelegate : Finished Spring Data repository scanning in 29 ms. Found 7 JPA repository interfaces.
2025-12-22T14:12:46.422+07:00  INFO 3755 --- [restartedMain] o.s.b.w.embedded.tomcat.TomcatWebServer  : Tomcat initialized with port 8080 (http)
2025-12-22T14:12:46.430+07:00  INFO 3755 --- [restartedMain] o.apache.catalina.core.StandardService   : Starting service [Tomcat]
2025-12-22T14:12:46.430+07:00  INFO 3755 --- [restartedMain] o.apache.catalina.core.StandardEngine    : Starting Servlet engine: [Apache Tomcat/10.1.39]
2025-12-22T14:12:46.544+07:00  INFO 3755 --- [restartedMain] org.apache.jasper.servlet.TldScanner     : At least one JAR was scanned for TLDs yet contained no TLDs. Enable debug logging for this logger for a complete list of JARs that were scanned but no TLDs were found in them. Skipping unneeded JARs during scanning can improve startup time and JSP compilation time.
2025-12-22T14:12:46.548+07:00  INFO 3755 --- [restartedMain] o.a.c.c.C.[Tomcat].[localhost].[/]       : Initializing Spring embedded WebApplicationContext
2025-12-22T14:12:46.548+07:00  INFO 3755 --- [restartedMain] w.s.c.ServletWebServerApplicationContext : Root WebApplicationContext: initialization completed in 880 ms
2025-12-22T14:12:46.613+07:00  INFO 3755 --- [restartedMain] com.zaxxer.hikari.HikariDataSource       : HikariPool-1 - Starting...
2025-12-22T14:12:46.758+07:00  INFO 3755 --- [restartedMain] com.zaxxer.hikari.pool.HikariPool        : HikariPool-1 - Added connection com.mysql.cj.jdbc.ConnectionImpl@b41928d
2025-12-22T14:12:46.759+07:00  INFO 3755 --- [restartedMain] com.zaxxer.hikari.HikariDataSource       : HikariPool-1 - Start completed.
2025-12-22T14:12:46.812+07:00  INFO 3755 --- [restartedMain] o.hibernate.jpa.internal.util.LogHelper  : HHH000204: Processing PersistenceUnitInfo [name: default]
2025-12-22T14:12:46.836+07:00  INFO 3755 --- [restartedMain] org.hibernate.Version                    : HHH000412: Hibernate ORM core version 6.6.11.Final
2025-12-22T14:12:46.851+07:00  INFO 3755 --- [restartedMain] o.h.c.internal.RegionFactoryInitiator    : HHH000026: Second-level cache disabled
2025-12-22T14:12:46.967+07:00  INFO 3755 --- [restartedMain] o.s.o.j.p.SpringPersistenceUnitInfo      : No LoadTimeWeaver setup: ignoring JPA class transformer
2025-12-22T14:12:47.017+07:00  INFO 3755 --- [restartedMain] org.hibernate.orm.connections.pooling    : HHH10001005: Database info:
	Database JDBC URL [Connecting through datasource 'HikariDataSource (HikariPool-1)']
	Database driver: undefined/unknown
	Database version: 8.4.4
	Autocommit mode: undefined/unknown
	Isolation level: undefined/unknown
	Minimum pool size: undefined/unknown
	Maximum pool size: undefined/unknown
2025-12-22T14:12:47.500+07:00  INFO 3755 --- [restartedMain] o.h.e.t.j.p.i.JtaPlatformInitiator       : HHH000489: No JTA platform available (set 'hibernate.transaction.jta.platform' to enable JTA platform integration)
2025-12-22T14:12:47.587+07:00  INFO 3755 --- [restartedMain] j.LocalContainerEntityManagerFactoryBean : Initialized JPA EntityManagerFactory for persistence unit 'default'
2025-12-22T14:12:47.836+07:00  WARN 3755 --- [restartedMain] JpaBaseConfiguration$JpaWebConfiguration : spring.jpa.open-in-view is enabled by default. Therefore, database queries may be performed during view rendering. Explicitly configure spring.jpa.open-in-view to disable this warning
2025-12-22T14:12:47.852+07:00  INFO 3755 --- [restartedMain] eAuthenticationProviderManagerConfigurer : Global AuthenticationManager configured with AuthenticationProvider bean with name authProvider
2025-12-22T14:12:47.852+07:00  WARN 3755 --- [restartedMain] r$InitializeUserDetailsManagerConfigurer : Global AuthenticationManager configured with an AuthenticationProvider bean. UserDetailsService beans will not be used by Spring Security for automatically configuring username/password login. Consider removing the AuthenticationProvider bean. Alternatively, consider using the UserDetailsService in a manually instantiated DaoAuthenticationProvider. If the current configuration is intentional, to turn off this warning, increase the logging level of 'org.springframework.security.config.annotation.authentication.configuration.InitializeUserDetailsBeanManagerConfigurer' to ERROR
2025-12-22T14:12:47.878+07:00  WARN 3755 --- [restartedMain] thorizationManagerRequestMatcherRegistry : One of the patterns in [/, /login, register, /product/**, /client/**, /css/**, /js/**, /images/**] is missing a leading slash. This is discouraged; please include the leading slash in all your request matcher patterns. In future versions of Spring Security, leaving out the leading slash will result in an exception.
2025-12-22T14:12:48.218+07:00  INFO 3755 --- [restartedMain] o.s.b.d.a.OptionalLiveReloadServer       : LiveReload server is running on port 35729
2025-12-22T14:12:48.246+07:00  INFO 3755 --- [restartedMain] o.s.b.w.embedded.tomcat.TomcatWebServer  : Tomcat started on port 8080 (http) with context path '/'
2025-12-22T14:12:48.251+07:00  INFO 3755 --- [restartedMain] c.q.laptopshop.LaptopshopApplication     : Started LaptopshopApplication in 2.816 seconds (process running for 3.023)
2025-12-22T14:13:00.221+07:00  INFO 3755 --- [http-nio-8080-exec-1] o.a.c.c.C.[Tomcat].[localhost].[/]       : Initializing Spring DispatcherServlet 'dispatcherServlet'
2025-12-22T14:13:00.222+07:00  INFO 3755 --- [http-nio-8080-exec-1] o.s.web.servlet.DispatcherServlet        : Initializing Servlet 'dispatcherServlet'
2025-12-22T14:13:00.223+07:00  INFO 3755 --- [http-nio-8080-exec-1] o.s.web.servlet.DispatcherServlet        : Completed initialization in 1 ms
2025-12-22T14:13:00.440+07:00 DEBUG 3755 --- [http-nio-8080-exec-1] org.hibernate.SQL                        : 
    select
        count(*) 
    from
        users u1_0
2025-12-22T14:13:00.449+07:00 DEBUG 3755 --- [http-nio-8080-exec-1] org.hibernate.SQL                        : 
    select
        count(*) 
    from
        products p1_0
2025-12-22T14:13:00.453+07:00 DEBUG 3755 --- [http-nio-8080-exec-1] org.hibernate.SQL                        : 
    select
        count(*) 
    from
        orders o1_0
2025-12-22T14:14:02.146+07:00  INFO 3755 --- [SpringApplicationShutdownHook] o.s.b.w.e.tomcat.GracefulShutdown        : Commencing graceful shutdown. Waiting for active requests to complete
2025-12-22T14:14:02.152+07:00  INFO 3755 --- [tomcat-shutdown] o.s.b.w.e.tomcat.GracefulShutdown        : Graceful shutdown complete
2025-12-22T14:14:02.156+07:00  INFO 3755 --- [SpringApplicationShutdownHook] j.LocalContainerEntityManagerFactoryBean : Closing JPA EntityManagerFactory for persistence unit 'default'
2025-12-22T14:14:02.158+07:00  INFO 3755 --- [SpringApplicationShutdownHook] com.zaxxer.hikari.HikariDataSource       : HikariPool-1 - Shutdown initiated...
2025-12-22T14:14:02.161+07:00  INFO 3755 --- [SpringApplicationShutdownHook] com.zaxxer.hikari.HikariDataSource       : HikariPool-1 - Shutdown completed.
2025-12-22T14:14:03.267+07:00  INFO 3770 --- [restartedMain] c.q.laptopshop.LaptopshopApplication     : Starting LaptopshopApplication using Java 17.0.12 with PID 3770 (/Users/quangminh/Code Workspace/laptop_shop/target/classes started by quangminh in /Users/quangminh/Code Workspace/laptop_shop)
2025-12-22T14:14:03.269+07:00  INFO 3770 --- [restartedMain] c.q.laptopshop.LaptopshopApplication     : No active profile set, falling back to 1 default profile: "default"
2025-12-22T14:14:03.302+07:00  INFO 3770 --- [restartedMain] .e.DevToolsPropertyDefaultsPostProcessor : Devtools property defaults active! Set 'spring.devtools.add-properties' to 'false' to disable
2025-12-22T14:14:03.302+07:00  INFO 3770 --- [restartedMain] .e.DevToolsPropertyDefaultsPostProcessor : For additional web related logging consider setting the 'logging.level.web' property to 'DEBUG'
2025-12-22T14:14:03.574+07:00  INFO 3770 --- [restartedMain] o.s.b.f.s.DefaultListableBeanFactory     : Overriding bean definition for bean 'localeResolver' with a different definition: replacing [Root bean: class=null; scope=; abstract=false; lazyInit=null; autowireMode=3; dependencyCheck=0; autowireCandidate=true; primary=false; fallback=false; factoryBeanName=org.springframework.web.servlet.config.annotation.DelegatingWebMvcConfiguration; factoryMethodName=localeResolver; initMethodNames=null; destroyMethodNames=[(inferred)]; defined in class path resource [org/springframework/web/servlet/config/annotation/DelegatingWebMvcConfiguration.class]] with [Root bean: class=null; scope=; abstract=false; lazyInit=null; autowireMode=3; dependencyCheck=0; autowireCandidate=true; primary=false; fallback=false; factoryBeanName=webMvcConfig; factoryMethodName=localeResolver; initMethodNames=null; destroyMethodNames=[(inferred)]; defined in class path resource [com/quangminh/laptopshop/config/WebMvcConfig.class]]
2025-12-22T14:14:03.672+07:00  INFO 3770 --- [restartedMain] .s.d.r.c.RepositoryConfigurationDelegate : Bootstrapping Spring Data JPA repositories in DEFAULT mode.
2025-12-22T14:14:03.710+07:00  INFO 3770 --- [restartedMain] .s.d.r.c.RepositoryConfigurationDelegate : Finished Spring Data repository scanning in 33 ms. Found 7 JPA repository interfaces.
2025-12-22T14:14:04.100+07:00  INFO 3770 --- [restartedMain] o.s.b.w.embedded.tomcat.TomcatWebServer  : Tomcat initialized with port 8080 (http)
2025-12-22T14:14:04.107+07:00  INFO 3770 --- [restartedMain] o.apache.catalina.core.StandardService   : Starting service [Tomcat]
2025-12-22T14:14:04.107+07:00  INFO 3770 --- [restartedMain] o.apache.catalina.core.StandardEngine    : Starting Servlet engine: [Apache Tomcat/10.1.39]
2025-12-22T14:14:04.224+07:00  INFO 3770 --- [restartedMain] org.apache.jasper.servlet.TldScanner     : At least one JAR was scanned for TLDs yet contained no TLDs. Enable debug logging for this logger for a complete list of JARs that were scanned but no TLDs were found in them. Skipping unneeded JARs during scanning can improve startup time and JSP compilation time.
2025-12-22T14:14:04.228+07:00  INFO 3770 --- [restartedMain] o.a.c.c.C.[Tomcat].[localhost].[/]       : Initializing Spring embedded WebApplicationContext
2025-12-22T14:14:04.228+07:00  INFO 3770 --- [restartedMain] w.s.c.ServletWebServerApplicationContext : Root WebApplicationContext: initialization completed in 926 ms
2025-12-22T14:14:04.293+07:00  INFO 3770 --- [restartedMain] com.zaxxer.hikari.HikariDataSource       : HikariPool-1 - Starting...
2025-12-22T14:14:04.440+07:00  INFO 3770 --- [restartedMain] com.zaxxer.hikari.pool.HikariPool        : HikariPool-1 - Added connection com.mysql.cj.jdbc.ConnectionImpl@46af86a4
2025-12-22T14:14:04.440+07:00  INFO 3770 --- [restartedMain] com.zaxxer.hikari.HikariDataSource       : HikariPool-1 - Start completed.
2025-12-22T14:14:04.496+07:00  INFO 3770 --- [restartedMain] o.hibernate.jpa.internal.util.LogHelper  : HHH000204: Processing PersistenceUnitInfo [name: default]
2025-12-22T14:14:04.523+07:00  INFO 3770 --- [restartedMain] org.hibernate.Version                    : HHH000412: Hibernate ORM core version 6.6.11.Final
2025-12-22T14:14:04.542+07:00  INFO 3770 --- [restartedMain] o.h.c.internal.RegionFactoryInitiator    : HHH000026: Second-level cache disabled
2025-12-22T14:14:04.655+07:00  INFO 3770 --- [restartedMain] o.s.o.j.p.SpringPersistenceUnitInfo      : No LoadTimeWeaver setup: ignoring JPA class transformer
2025-12-22T14:14:04.707+07:00  INFO 3770 --- [restartedMain] org.hibernate.orm.connections.pooling    : HHH10001005: Database info:
	Database JDBC URL [Connecting through datasource 'HikariDataSource (HikariPool-1)']
	Database driver: undefined/unknown
	Database version: 8.4.4
	Autocommit mode: undefined/unknown
	Isolation level: undefined/unknown
	Minimum pool size: undefined/unknown
	Maximum pool size: undefined/unknown
2025-12-22T14:14:05.192+07:00  INFO 3770 --- [restartedMain] o.h.e.t.j.p.i.JtaPlatformInitiator       : HHH000489: No JTA platform available (set 'hibernate.transaction.jta.platform' to enable JTA platform integration)
2025-12-22T14:14:05.285+07:00  INFO 3770 --- [restartedMain] j.LocalContainerEntityManagerFactoryBean : Initialized JPA EntityManagerFactory for persistence unit 'default'
2025-12-22T14:14:05.521+07:00  WARN 3770 --- [restartedMain] JpaBaseConfiguration$JpaWebConfiguration : spring.jpa.open-in-view is enabled by default. Therefore, database queries may be performed during view rendering. Explicitly configure spring.jpa.open-in-view to disable this warning
2025-12-22T14:14:05.536+07:00  INFO 3770 --- [restartedMain] eAuthenticationProviderManagerConfigurer : Global AuthenticationManager configured with AuthenticationProvider bean with name authProvider
2025-12-22T14:14:05.536+07:00  WARN 3770 --- [restartedMain] r$InitializeUserDetailsManagerConfigurer : Global AuthenticationManager configured with an AuthenticationProvider bean. UserDetailsService beans will not be used by Spring Security for automatically configuring username/password login. Consider removing the AuthenticationProvider bean. Alternatively, consider using the UserDetailsService in a manually instantiated DaoAuthenticationProvider. If the current configuration is intentional, to turn off this warning, increase the logging level of 'org.springframework.security.config.annotation.authentication.configuration.InitializeUserDetailsBeanManagerConfigurer' to ERROR
2025-12-22T14:14:05.560+07:00  WARN 3770 --- [restartedMain] thorizationManagerRequestMatcherRegistry : One of the patterns in [/, /login, register, /product/**, /client/**, /css/**, /js/**, /images/**] is missing a leading slash. This is discouraged; please include the leading slash in all your request matcher patterns. In future versions of Spring Security, leaving out the leading slash will result in an exception.
2025-12-22T14:14:05.896+07:00  INFO 3770 --- [restartedMain] o.s.b.d.a.OptionalLiveReloadServer       : LiveReload server is running on port 35729
2025-12-22T14:14:05.921+07:00  INFO 3770 --- [restartedMain] o.s.b.w.embedded.tomcat.TomcatWebServer  : Tomcat started on port 8080 (http) with context path '/'
2025-12-22T14:14:05.926+07:00  INFO 3770 --- [restartedMain] c.q.laptopshop.LaptopshopApplication     : Started LaptopshopApplication in 2.928 seconds (process running for 3.155)
2025-12-22T14:14:12.706+07:00  INFO 3770 --- [http-nio-8080-exec-1] o.a.c.c.C.[Tomcat].[localhost].[/]       : Initializing Spring DispatcherServlet 'dispatcherServlet'
2025-12-22T14:14:12.706+07:00  INFO 3770 --- [http-nio-8080-exec-1] o.s.web.servlet.DispatcherServlet        : Initializing Servlet 'dispatcherServlet'
2025-12-22T14:14:12.707+07:00  INFO 3770 --- [http-nio-8080-exec-1] o.s.web.servlet.DispatcherServlet        : Completed initialization in 1 ms
2025-12-22T14:14:12.919+07:00 DEBUG 3770 --- [http-nio-8080-exec-1] org.hibernate.SQL                        : 
    select
        count(*) 
    from
        users u1_0
2025-12-22T14:14:12.929+07:00 DEBUG 3770 --- [http-nio-8080-exec-1] org.hibernate.SQL                        : 
    select
        count(*) 
    from
        products p1_0
2025-12-22T14:14:12.933+07:00 DEBUG 3770 --- [http-nio-8080-exec-1] org.hibernate.SQL                        : 
    select
        count(*) 
    from
        orders o1_0
2025-12-22T14:14:14.669+07:00 DEBUG 3770 --- [http-nio-8080-exec-7] org.hibernate.SQL                        : 
    select
        p1_0.id,
        p1_0.brand,
        p1_0.detail_desc,
        p1_0.image,
        p1_0.name,
        p1_0.price,
        p1_0.purpose,
        p1_0.quantity,
        p1_0.short_desc,
        p1_0.sold 
    from
        products p1_0
